C51 COMPILER V9.60.7.0   MATRIX_KEY                                                        01/29/2025 12:07:48 PAGE 1   


C51 COMPILER V9.60.7.0, COMPILATION OF MODULE MATRIX_KEY
OBJECT MODULE PLACED IN .\Objects\matrix_key.obj
COMPILER INVOKED BY: C:\Software\Keil\C51\BIN\C51.EXE matrix_key.c OPTIMIZE(8,SPEED) BROWSE DEBUG OBJECTEXTEND PRINT(.\L
                    -istings\matrix_key.lst) OBJECT(.\Objects\matrix_key.obj)

line level    source

   1          #include "matrix_key.h"
   2          #include "beep.h"
   3          #include "smg.h"
   4          /** 
   5           **  @brief    实现了矩阵按键的两种扫描方式
   6           **                        1. 与数码管、蜂鸣器联动
   7           **                        2. 按下一个键，数码管显示对应（0~F）的数值
   8           **                        3. 按下至未松开过程中，屏蔽其他按键
   9           **  @author   QIU
  10           **  @date     2023.05.08
  11           **/
  12          
  13          
  14          /*-------------------------------------------------------------------*/
  15          
  16          // 存储按下的行列
  17          u8 row, col;
  18          // 按键当前状态，true按下中，false已释放
  19          u8 key_now_state = false;
  20          
  21          
  22          /**
  23           **  @brief   读取电平
  24           **  @param   state: 0-列，1-行
  25           **  @retval  返回列（行）数
  26           **/
  27          u8 read_port(bit state){
  28   1              u8 dat;
  29   1              if(state) dat = MATRIX_PORT >> 4; // 如果是行，取高四位
  30   1              else dat =  MATRIX_PORT & 0x0f;   // 如果是列，取低四位
  31   1              // 从左上开始为第一行，第一列
  32   1              switch(dat){
  33   2                      // 0000 1110 第4列(行)
  34   2                      case 0x0e: return 4;
  35   2                      // 0000 1101 第3列(行)
  36   2                      case 0x0d: return 3;
  37   2                      // 0000 1011 第2列(行)
  38   2                      case 0x0b: return 2;
  39   2                      // 0000 0111 第1列(行)
  40   2                      case 0x07: return 1;
  41   2                      // 0000 1111 没有按下
  42   2                      case 0x0f: return 0;
  43   2                      // 多键同时按下不响应
  44   2                      default: return 0;
  45   2              }
  46   1      }
  47          
  48          
  49          
  50          /**
  51           **  @brief   矩阵按键处理
  52           **  @param   参数说明
  53           **  @retval  返回值
  54           **/
C51 COMPILER V9.60.7.0   MATRIX_KEY                                                        01/29/2025 12:07:48 PAGE 2   

  55          void key_pressed(){
  56   1              u8 key_val;
  57   1              // 如果不是连续模式
  58   1              if(!MatrixKEY_MODE) key_now_state = true; 
  59   1              // 蜂鸣器响应，第三行连接P1.5，不响
  60   1              beep_once(50, 2000);
  61   1              
  62   1              // 计算显示的字符
  63   1              key_val = (row-1)*4 + (col - 1);
  64   1              if(key_val >= 0 && key_val <= 9) key_val += '0';
  65   1              else key_val += 'A' - 10;
  66   1              // 字符显示
  67   1              smg_showChar(key_val, 1, false);
  68   1      }
  69          
  70          /**
  71           **  @brief   (反转法)检测按键（单键），按住过程中屏蔽其他按键。同列需全部松
             -开才能再次响应
  72           **  @param   无
  73           **  @retval  无
  74           **/
  75          void check_matrixKey_turn(){
  76   1              // 所有行置低电平，列置高电平
  77   1              MATRIX_PORT = 0x0f;
  78   1              // 读取所有列电平
  79   1              col = read_port(0);
  80   1              // 如果有效键按下，延时消抖
  81   1              if(col) delay_ms(10);
  82   1              else {key_now_state = false;return;} // 注意，if else还是需要括号的，与case 不同
  83   1              // 所有列置低电平，行置高电平
  84   1              MATRIX_PORT = 0xf0;
  85   1              // 读取所有行电平
  86   1              row = read_port(1);
  87   1              // 如果有键按下(当前未按下)，响应
  88   1              if(row && !key_now_state) key_pressed();
  89   1              else return;
  90   1      }
  91          
  92          
  93          /**
  94           **  @brief   (扫描法)检测按键，本例扫描列
  95           **  @param   无
  96           **  @retval  无
  97           **/
  98          void check_matrixKey_scan(){
  99   1              u8 i;
 100   1              for(i=0;i<4;i++){
 101   2                      MATRIX_PORT = ~(0x08>>i); // 逐列置0，且所有行置1
 102   2                      row = read_port(1); // 读取行
 103   2                      if(!row && col == i+1)key_now_state = false; // 当前扫描列无有效键按下
 104   2                      else if(row && !key_now_state){       // 有效键按下且为松开状态
 105   3                              delay_ms(10);
 106   3                              row = read_port(1); // 再次读取行
 107   3                              if(row) {col = i+1;key_pressed();} 
 108   3                      }
 109   2              }
 110   1      }


MODULE INFORMATION:   STATIC OVERLAYABLE
   CODE SIZE        =    244    ----
   CONSTANT SIZE    =   ----    ----
C51 COMPILER V9.60.7.0   MATRIX_KEY                                                        01/29/2025 12:07:48 PAGE 3   

   XDATA SIZE       =   ----    ----
   PDATA SIZE       =   ----    ----
   DATA SIZE        =      3       1
   IDATA SIZE       =   ----    ----
   BIT SIZE         =   ----       1
END OF MODULE INFORMATION.


C51 COMPILATION COMPLETE.  0 WARNING(S),  0 ERROR(S)
