C51 COMPILER V9.60.7.0   DELAY                                                             02/08/2024 15:51:14 PAGE 1   


C51 COMPILER V9.60.7.0, COMPILATION OF MODULE DELAY
OBJECT MODULE PLACED IN .\Objects\delay.obj
COMPILER INVOKED BY: C:\Software\Keil\C51\BIN\C51.EXE delay.c OPTIMIZE(8,SPEED) BROWSE DEBUG OBJECTEXTEND PRINT(.\Listin
                    -gs\delay.lst) OBJECT(.\Objects\delay.obj)

line level    source

   1          #include "delay.h"
   2          /** 
   3           **  @brief    通用函数
   4           **  @author   QIU
   5           **  @data     2023.08.23
   6           **/
   7          
   8          /*-------------------------------------------------------------------*/
   9          
  10          /**
  11           **  @brief   延时函数(10us)
  12           **  @param   t:0~65535，循环一次约10us
  13           **  @retval  无
  14           **/
  15          void delay_10us(u16 t){
  16   1              while(t--);
  17   1      }
  18          
  19          
  20          /**
  21           **  @brief   延时函数（ms）
  22           **  @param   t:0~65535,单位ms
  23           **  @retval  无
  24           **/
  25          void delay_ms(u16 t){
  26   1              while(t--){
  27   2                      delay_10us(100);
  28   2              }
  29   1      }
  30          


MODULE INFORMATION:   STATIC OVERLAYABLE
   CODE SIZE        =     35    ----
   CONSTANT SIZE    =   ----    ----
   XDATA SIZE       =   ----    ----
   PDATA SIZE       =   ----    ----
   DATA SIZE        =   ----    ----
   IDATA SIZE       =   ----    ----
   BIT SIZE         =   ----    ----
END OF MODULE INFORMATION.


C51 COMPILATION COMPLETE.  0 WARNING(S),  0 ERROR(S)
