C51 COMPILER V9.60.7.0   TIMER                                                             02/14/2024 12:27:53 PAGE 1   


C51 COMPILER V9.60.7.0, COMPILATION OF MODULE TIMER
OBJECT MODULE PLACED IN .\Objects\timer.obj
COMPILER INVOKED BY: C:\Software\Keil\C51\BIN\C51.EXE timer.c OPTIMIZE(8,SPEED) BROWSE DEBUG OBJECTEXTEND PRINT(.\Listin
                    -gs\timer.lst) OBJECT(.\Objects\timer.obj)

line level    source

   1          #include "timer.h"
   2          /** 
   3           **  @brief    定时器封装
   4           **  @author   QIU
   5           **  @data     2023.08.31
   6           **/
   7           
   8          /*-------------------------------------------------------------------*/
   9           
  10           
  11          
  12          
  13          /**
  14           **  @brief   定时器x的初始化
  15           **  @param   num：定时器初值
  16           **  @retval  无
  17           **/
  18          void TIMERx_init(u8 x, u16 num){
  19   1              switch(x){
  20   2                      case 0:
  21   2                              //1.配置TMOD工作方式
  22   2                              TMOD |= 0x01; //配置定时器T0，同时不改变T1的配置
  23   2                              //2.计算初值，存入TH0、TL0
  24   2                              TL0 = (65536-num)%256; //低8位
  25   2                              TH0 = (65536-num)/256; //高8位
  26   2                              //3.打开中断总开关EA和定时器中断允许位ET0
  27   2                              EA = 1;
  28   2                              ET0 = 1;
  29   2                              //4.打开定时器
  30   2                              // TR0 = 1;
  31   2                              break;
  32   2                      case 1:
  33   2                              //1.配置TMOD工作方式
  34   2                              TMOD |= 0x10; //配置定时器T1，同时不改变T0的配置
  35   2                              //2.计算初值，存入TH1、TL1
  36   2                              TL1 = (65536-num)%256; //低8位
  37   2                              TH1 = (65536-num)/256; //高8位
  38   2                              //3.打开中断总开关EA和定时器中断允许位ET1
  39   2                              EA = 1;
  40   2                              ET1 = 1;
  41   2                              //4.打开定时器
  42   2                              // TR1 = 1;
  43   2                              break;
  44   2              }
  45   1      }
  46          
  47          
  48          
  49          // 定时器0的中断服务程序模板
  50          //void TIMER0_serve() interrupt 1{
  51          //      TL0 = (65536-num)%256; //低8位
  52          //      TH0 = (65536-num)/256; //高8位
  53          //}
  54          
C51 COMPILER V9.60.7.0   TIMER                                                             02/14/2024 12:27:53 PAGE 2   

  55          // 定时器1的中断服务程序模板
  56          //void TIMER1_serve() interrupt 3{
  57          //      TL1 = (65536-num)%256; //低8位
  58          //      TH1 = (65536-num)/256; //高8位
  59          //}
  60          
  61          


MODULE INFORMATION:   STATIC OVERLAYABLE
   CODE SIZE        =    174    ----
   CONSTANT SIZE    =   ----    ----
   XDATA SIZE       =   ----    ----
   PDATA SIZE       =   ----    ----
   DATA SIZE        =   ----       2
   IDATA SIZE       =   ----    ----
   BIT SIZE         =   ----    ----
END OF MODULE INFORMATION.


C51 COMPILATION COMPLETE.  0 WARNING(S),  0 ERROR(S)
