C51 COMPILER V9.60.7.0   MAIN                                                              01/28/2025 15:53:58 PAGE 1   


C51 COMPILER V9.60.7.0, COMPILATION OF MODULE MAIN
OBJECT MODULE PLACED IN .\Objects\main.obj
COMPILER INVOKED BY: C:\Software\Keil\C51\BIN\C51.EXE main.c OPTIMIZE(8,SPEED) BROWSE DEBUG OBJECTEXTEND PRINT(.\Listing
                    -s\main.lst) OBJECT(.\Objects\main.obj)

line level    source

   1          #include "smg.h"
   2          /** 
   3           **  @brief    封装数码管常用功能
   4           **  @author   QIU
   5           **  @date     2023.03.10
   6           **/
   7          
   8          /*-------------------------------------------------------------------*/
   9          
  10          
  11          int main(void){
  12   1              
  13   1      //      smg_showChar('f', 3, false);  // 静态字符显示示例
  14   1              
  15   1              while(1){
  16   2      //              smg_showInt(-12345, 1);       // 整数显示示例
  17   2      //              smg_showString("Iloveyou", 1); // 字符串显示示例
  18   2                      smg_showFloat(-31.56786, 3, 1); // 浮点数显示示例
  19   2              }
  20   1      }


MODULE INFORMATION:   STATIC OVERLAYABLE
   CODE SIZE        =     19    ----
   CONSTANT SIZE    =   ----    ----
   XDATA SIZE       =   ----    ----
   PDATA SIZE       =   ----    ----
   DATA SIZE        =   ----    ----
   IDATA SIZE       =   ----    ----
   BIT SIZE         =   ----    ----
END OF MODULE INFORMATION.


C51 COMPILATION COMPLETE.  0 WARNING(S),  0 ERROR(S)
