C51 COMPILER V9.60.7.0   SMG                                                               02/17/2024 15:58:56 PAGE 1   


C51 COMPILER V9.60.7.0, COMPILATION OF MODULE SMG
OBJECT MODULE PLACED IN .\Objects\smg.obj
COMPILER INVOKED BY: C:\Software\Keil\C51\BIN\C51.EXE smg.c OPTIMIZE(8,SPEED) BROWSE DEBUG OBJECTEXTEND PRINT(.\Listings
                    -\smg.lst) OBJECT(.\Objects\smg.obj)

line level    source

   1          #include "smg.h"
   2          /** 
   3           **  @brief    数码管封装
   4           **                1. 延时刷新
   5           **                             (1) 字符静态显示：仅需一次输入。输入字符。可用于初始清屏。
   6           **                             (2) 字符串数据动态显示
   7           **                             (3) 浮点型数据动态显示：可以显示小数。
   8           **                             (4) 整型数据动态显示：可以显示负数。
   9           **                2. 定时器刷新
  10           **  @author   QIU
  11           **  @date     2024.02.13
  12           **/
  13          
  14          
  15          /*-------------------------------------------------------------------*/
  16          
  17          //共阴极数码管字形码编码
  18          u8 code smgduan[] = {0x3f,0x06,0x5b,0x4f,0x66, //0 1 2 3 4
  19                                                   0x6d,0x7d,0x07,0x7f,0x6f, //5 6 7 8 9
  20                                                   0x77,0x7c,0x58,0x5e,0x79, //A b c d E
  21                                                   0x71,0x76,0x30,0x0e,0x38, //F H I J L
  22                                                   0x54,0x3f,0x73,0x67,0x50, //n o p q r
  23                                                   0x6d,0x3e,0x3e,0x6e,0x40};//s U v y -  
  24          
  25          
  26          /**
  27           **  @brief   指定第几个数码管点亮，38译码器控制位选（不对外声明）
  28           **  @param   pos：从左至右，数码管位置 1~8
  29           **  @retval  无
  30           **/
  31          void select_38(u8 pos){
  32   1              u8 temp_pos = 8 - pos; // 0~7
  33   1              A1 = temp_pos % 2; //高位
  34   1              temp_pos /= 2;
  35   1              A2 = temp_pos % 2; 
  36   1              temp_pos /= 2;
  37   1              A3 = temp_pos % 2; //低位
  38   1      }
  39          
  40          
  41          /**
  42           **  @brief   解析数据并取得相应数码管字形码编码
  43           **  @param   dat:想要显示的字符
  44           **  @retval  对应字形码编码值
  45           **/
  46          u8 parse_data(u8 dat){
  47   1              switch(dat){
  48   2                      case '0':
  49   2                      case '1':
  50   2                      case '2':
  51   2                      case '3':
  52   2                      case '4':
  53   2                      case '5':
  54   2                      case '6':
C51 COMPILER V9.60.7.0   SMG                                                               02/17/2024 15:58:56 PAGE 2   

  55   2                      case '7':
  56   2                      case '8':
  57   2                      case '9':return smgduan[dat-'0'];
  58   2                      case 'a':
  59   2                      case 'A':return smgduan[10];
  60   2                      case 'b':
  61   2                      case 'B':return smgduan[11];
  62   2                      case 'c':
  63   2                      case 'C':return smgduan[12];
  64   2                      case 'd':
  65   2                      case 'D':return smgduan[13];
  66   2                      case 'e':
  67   2                      case 'E':return smgduan[14];
  68   2                      case 'f':
  69   2                      case 'F':return smgduan[15];
  70   2                      case 'h':
  71   2                      case 'H':return smgduan[16];
  72   2                      case 'i':
  73   2                      case 'I':return smgduan[17];
  74   2                      case 'j':
  75   2                      case 'J':return smgduan[18];
  76   2                      case 'l':
  77   2                      case 'L':return smgduan[19];
  78   2                      case 'n':
  79   2                      case 'N':return smgduan[20];
  80   2                      case 'o':
  81   2                      case 'O':return smgduan[21];
  82   2                      case 'p':
  83   2                      case 'P':return smgduan[22];
  84   2                      case 'q':
  85   2                      case 'Q':return smgduan[23];
  86   2                      case 'r':
  87   2                      case 'R':return smgduan[24];
  88   2                      case 's':
  89   2                      case 'S':return smgduan[25];
  90   2                      case 'u':
  91   2                      case 'U':return smgduan[26];
  92   2                      case 'v':
  93   2                      case 'V':return smgduan[27];
  94   2                      case 'y':
  95   2                      case 'Y':return smgduan[28];
  96   2                      case '-':return smgduan[29];
  97   2                      default:return 0x00; //不显示
  98   2              }
  99   1      }
 100          
 101          
 102          
 103          /**
 104           **  @brief   根据输入的ASCII码，显示对应字符（1字节）
 105           **  @param   dat：字符数据，或其ASCII值
 106           **  @param   pos：显示位置 1~8
 107           **  @retval  无
 108           **/
 109          void smg_showChar(u8 dat, u8 pos, bit flag){
 110   1              // 解析点亮哪一个数码管
 111   1              select_38(pos);
 112   1              // 解析数据
 113   1              SMG_PORT = parse_data(dat);
 114   1              // 加标点
 115   1              if(flag) SMG_PORT |= 0x80;
 116   1      }
C51 COMPILER V9.60.7.0   SMG                                                               02/17/2024 15:58:56 PAGE 3   

 117          
 118          
 119          
 120          
 121          
 122          /*-------------------------------------------------------------------*/
 123          /*-----------------------延时法刷新----------------------------------*/
 124          /*-------------------------------------------------------------------*/
 125          
 126          
 127          /**
 128           **  @brief   延时法刷新
 129           **  @param   dat：字符数组，需以'\0'结尾
 130           **  @param   pos：显示位置
 131           **  @param   dot：小数点位置
 132           **  @retval  无
 133           **/
 134          void smg_flush_Bydelay(u8 dat[], u8 pos, u8 dot){
 135   1              u8 i;
 136   1              // 超出部分直接截断
 137   1              for(i=0;(i<9-pos)&&(dat[i]!='\0');i++){
 138   2                      // 如果是小数点，跳过，往前移一位
 139   2                      if(dat[i] == '.'){
 140   3                              pos -= 1;
 141   3                              continue;
 142   3                      }
 143   2                      // 显示
 144   2                      smg_showChar(dat[i], pos+i, (dot == i+1)?true:false);
 145   2              // 延时1ms
 146   2                      delay_ms(1);
 147   2                      // 消影
 148   2                      SMG_PORT = 0x00; 
 149   2              }
 150   1      }
 151          
 152          
 153          
 154          /**
 155           **  @brief   显示字符串（动态显示）
 156           **  @param   dat：字符数组，需以'\0'结尾
 157           **  @param   pos：显示位置
 158           **  @retval  无
 159           **/
 160          void smg_showString(u8 dat[], u8 pos){
 161   1              u8 i = 0, dot = 0;
 162   1              // 先判断是否存在小数点
 163   1              while(dat[i]!='\0'){
 164   2                      if(dat[i] == '.') break;
 165   2                      i++;
 166   2              }
 167   1              // 记录下标点位置
 168   1              if(i < strlen(dat)) dot = i;
 169   1              // 延时法刷新
 170   1              smg_flush_Bydelay(dat, pos, dot);
 171   1      }
 172          
 173          
 174          
 175          /**
 176           **  @brief   数码管显示整数（含正负）
 177           **  @param   dat: 整数
 178           **  @param   pos: 显示位置
C51 COMPILER V9.60.7.0   SMG                                                               02/17/2024 15:58:56 PAGE 4   

 179           **  @retval  无
 180           **/
 181          void smg_showInt(int dat, u8 pos){
 182   1              xdata u8 temp[9];
 183   1              sprintf(temp, "%d", dat); // 含正负
 184   1              smg_showString(temp, pos);
 185   1      }
 186          
 187          
 188          
 189          /**
 190           **  @brief   数码管显示浮点数（含小数点）
 191           **  @param   dat: 浮点数
 192           **  @param   len: 指定精度
 193           **  @param   pos: 显示位置
 194           **  @retval  无
 195           **/
 196          void smg_showFloat(double dat, u8 len, u8 pos){
 197   1              xdata u8 temp[10];
 198   1              int dat_now;
 199   1              dat_now = dat * pow(10, len) + 0.5 * (dat>0?1:-1); // 四舍五入(正负)，由于浮点数存在误差，结果未必准确
 200   1              sprintf(temp, "%d", dat_now); // 含正负
 201   1              smg_flush_Bydelay(temp, pos, len?(strlen(temp) - len):0);
 202   1      }
 203          
 204          
 205          
 206          /*-------------------------------------------------------------------*/
 207          /*--------------------------定时器法刷新-----------------------------*/
 208          /*-------------------------------------------------------------------*/
 209          
 210          /**
 211           **  @brief   数码管显示字符串（定时器法刷新）
 212           **  @param   dat：字符数组，需以'\0'结尾
 213           **  @param   pos：显示位置
 214           **  @retval  返回值
 215           **/
 216          void smg_showString_Bytimer(u8 dat[], u8 pos){
 217   1              // 数码管计数器， 小数点位置
 218   1              static u8 smg_counter = 0, dot_counter = 0, dot_port[8];
 219   1              // 暂存当前位置
 220   1              u8 temp;
 221   1              
 222   1              // 先消影
 223   1              SMG_PORT = 0x00; 
 224   1              
 225   1              // 如果是小数点，跳出。
 226   1              if(dat[smg_counter] == '.'){
 227   2                      // 记录小数点位置，下一轮刷新
 228   2                      dot_port[smg_counter-1] = true;
 229   2                      // 计数器后移一位
 230   2                      smg_counter++;
 231   2                      // 小数点计数器自增
 232   2                      dot_counter++;
 233   2                      return;
 234   2              }
 235   1              // 计算当前位置
 236   1              temp = pos+smg_counter-dot_counter;
 237   1              // 判断是否加小数点（检测到小数点的后面几位整体前移）
 238   1              smg_showChar(dat[smg_counter], temp, dot_port[smg_counter]);
 239   1              
 240   1              // 如果是结束符，跳出(超出部分截断)
C51 COMPILER V9.60.7.0   SMG                                                               02/17/2024 15:58:56 PAGE 5   

 241   1              if(temp == 8 | dat[smg_counter] == '\0'){
 242   2                      // 重置
 243   2                      smg_counter = 0;
 244   2                      // 根据标志决定是否清除小数点
 245   2                      if(dot_counter){
 246   3                              // 清零
 247   3                              dot_counter = 0;
 248   3                      }else{
 249   3                              // 清空
 250   3                              strcpy(dot_port, "");
 251   3                      }
 252   2                      return;
 253   2              }else{
 254   2                      smg_counter++;
 255   2              }
 256   1      }


MODULE INFORMATION:   STATIC OVERLAYABLE
   CODE SIZE        =    821    ----
   CONSTANT SIZE    =     34    ----
   XDATA SIZE       =   ----      19
   PDATA SIZE       =   ----    ----
   DATA SIZE        =     10      23
   IDATA SIZE       =   ----    ----
   BIT SIZE         =   ----       1
END OF MODULE INFORMATION.


C51 COMPILATION COMPLETE.  0 WARNING(S),  0 ERROR(S)
